customer_id,created_at,prop,val
123,"2017-01-01","2022-01-01",1
123,"2017-01-01","status","active"
234,"2017-02-01","2022-01-01",2
234,"2017-02-01","status","active"
567,"2017-03-01","2022-01-01",3
567,"2017-03-01","status","churned"
